14:58:47.972 -> Battery Voltage: 3.92
14:58:49.753 -> Weight: 1.77
14:58:54.934 -> Distance: 710.00
14:58:54.934 -> Charge Needed: 0
14:58:54.934 -> Connecting to NB network
14:58:54.934 -> connectionTries: 0
14:59:00.496 -> AT

14:59:00.496 -> OK
14:59:00.639 -> AT

14:59:00.639 -> OK
14:59:00.733 -> AT+CMEE=0

14:59:00.733 -> OK
14:59:00.826 -> AT+CFUN=0

14:59:00.826 -> OK
14:59:01.063 -> AT+CPIN?

14:59:01.063 -> +CPIN: READY
14:59:01.063 -> 
14:59:01.063 -> OK
14:59:01.250 -> AT+CMGF=1

14:59:01.250 -> OK
14:59:01.438 -> AT+UDCONF=1,1

14:59:01.438 -> OK
14:59:01.674 -> AT+CTZU=1

14:59:01.674 -> OK
14:59:01.862 -> AT+CGDCONT=1,"IP","hologram"

14:59:01.862 -> OK
14:59:02.049 -> AT+UAUTHREQ=1,0

14:59:02.049 -> OK
14:59:02.284 -> AT+CFUN=1

14:59:02.284 -> OK
14:59:02.471 -> AT+CEREG?

14:59:02.471 -> +CEREG: 0,0
14:59:02.471 -> 
14:59:02.471 -> OK
14:59:02.661 -> AT+CEREG?

14:59:02.661 -> +CEREG: 0,0
14:59:02.661 -> 
14:59:02.661 -> OK
14:59:02.895 -> AT+CEREG?

14:59:02.895 -> +CEREG: 0,0
14:59:02.895 -> 
14:59:02.895 -> OK
14:59:03.082 -> AT+CEREG?

14:59:03.082 -> +CEREG: 0,0
14:59:03.082 -> 
14:59:03.082 -> OK
14:59:03.306 -> AT+CEREG?

14:59:03.306 -> +CEREG: 0,0
14:59:03.306 -> 
14:59:03.306 -> OK
14:59:03.493 -> AT+CEREG?

14:59:03.493 -> +CEREG: 0,0
14:59:03.493 -> 
14:59:03.493 -> OK
14:59:03.683 -> AT+CEREG?

14:59:03.683 -> +CEREG: 0,0
14:59:03.683 -> 
14:59:03.683 -> OK
14:59:03.917 -> AT+CEREG?

14:59:03.917 -> +CEREG: 0,0
14:59:03.917 -> 
14:59:03.917 -> OK
14:59:04.105 -> AT+CEREG?

14:59:04.105 -> +CEREG: 0,0
14:59:04.105 -> 
14:59:04.105 -> OK
14:59:04.318 -> AT+CEREG?

14:59:04.318 -> +CEREG: 0,0
14:59:04.318 -> 
14:59:04.318 -> OK
14:59:04.506 -> AT+CEREG?

14:59:04.506 -> +CEREG: 0,2
14:59:04.506 -> 
14:59:04.506 -> OK
14:59:04.903 -> AT+CEREG?

14:59:04.903 -> +CEREG: 0,2
14:59:04.903 -> 
14:59:04.903 -> OK
14:59:12.096 -> AT+CEREG?

14:59:12.096 -> +CEREG: 0,2
14:59:12.096 -> 
14:59:12.096 -> OK
14:59:12.331 -> AT+CEREG?

14:59:12.331 -> +CEREG: 0,5
14:59:12.331 -> 
14:59:12.331 -> OK
14:59:12.331 -> NB Connected: 1
14:59:12.848 -> AT+CGATT=1

14:59:12.848 -> OK
14:59:13.817 -> AT+CGACT?

14:59:13.817 -> +CGACT: 1,1
14:59:13.817 -> 
14:59:13.817 -> OK
14:59:13.817 -> connectionTries: 1
14:59:13.817 -> GPRS Connected: 1
14:59:13.817 -> Client Connecting
14:59:13.958 -> AT+USOCR=6

14:59:13.958 -> +USOCR: 0
14:59:13.958 -> 
14:59:13.958 -> OK
14:59:14.179 -> AT+USOCO=0,"insecure.compostonly.com",80

14:59:15.151 -> OK
14:59:15.151 -> client Connected: AT+USORD=0,512

14:59:16.048 -> +USORD: 0,""
14:59:16.048 -> 
14:59:16.048 -> OK
14:59:16.048 -> 1
14:59:17.364 -> AT+USORD=0,512

14:59:17.364 -> +USORD: 0,""
14:59:17.364 -> 
14:59:17.364 -> OK
14:59:17.364 -> Body: {"ssid": "hologram", "batteryVoltage": 3.92, "weight": 2, "distance": 710, "onExternalPower": 1}
14:59:17.976 -> AT+USOWR=0,15,"504F5354202F20485454502F312E31"

14:59:18.165 -> +USOWR: 0,15
14:59:18.165 -> 
14:59:18.165 -> OK
14:59:18.730 -> AT+USOWR=0,2,"0D0A"

14:59:18.730 -> +USOWR: 0,2
14:59:18.730 -> 
14:59:18.730 -> OK
14:59:19.719 -> AT+USOWR=0,6,"486F73743A20"

14:59:19.719 -> +USOWR: 0,6
14:59:19.719 -> 
14:59:19.719 -> OK
14:59:21.402 -> AT+USOWR=0,27,"696E7365637572652E636F6D706F73746F6E6C792E636F6D3A3830"

14:59:21.402 -> +USOWR: 0,27
14:59:21.402 -> 
14:59:21.402 -> OK
14:59:23.938 -> AT+USOWR=0,2,"0D0A"

14:59:23.985 -> +USOWR: 0,2
14:59:23.985 -> 
14:59:23.985 -> OK
14:59:27.130 -> AT+USOWR=0,30,"436F6E74656E742D547970653A206170706C69636174696F6E2F6A736F6E"

14:59:27.318 -> +USOWR: 0,30
14:59:27.318 -> 
14:59:27.318 -> OK
14:59:30.434 -> AT+USOWR=0,2,"0D0A"

14:59:30.608 -> +USOWR: 0,2
14:59:30.608 -> 
14:59:30.608 -> OK
14:59:30.795 -> 
14:59:30.795 -> +UUSORD: 0,391
14:59:33.358 -> AT+USOWR=0,18,"436F6E74656E742D4C656E6774683A203936"

14:59:33.405 -> ERROR
14:59:33.641 -> AT+USOWR=0,2,"0D0A"

14:59:33.641 -> ERROR
14:59:33.688 -> AT+USOWR=0,17,"436F6E6E656374696F6E3A20636C6F7365"

14:59:33.688 -> ERROR
14:59:33.735 -> AT+USOWR=0,2,"0D0A"

14:59:33.735 -> ERROR
14:59:33.735 -> AT+USOWR=0,2,"0D0A"

14:59:33.735 -> ERROR
14:59:33.782 -> AT+USOWR=0,96,"7B2273736964223A2022686F6C6F6772616D222C202262617474657279566F6C74616765223A20332E39322C2022776569676874223A20322C202264697374616E6365223A203731302C20226F6E45787465726E616C506F776572223A20317D"

14:59:33.829 -> ERROR
14:59:33.829 -> AT+USOWR=0,2,"0D0A"

14:59:33.829 -> ERROR
14:59:34.865 -> AT+USORD=0,512

14:59:34.865 -> 
14:59:34.865 -> +USORD: 0,391,"485454502F312E312034303820526571756573742054696D656F75740D0A446174653A205361742C2032382044656320323032342032303A35393A313820474D540D0A5365727665723A204170616368650D0A436F6E74656E742D4C656E6774683A203232310D0A436F6E6E656374696F6E3A20636C6F73650D0A436F6E74656E742D547970653A20746578742F68746D6C3B20636861727365743D69736F2D383835392D310D0A0D0A3C21444F43545950452048544D4C205055424C494320222D2F2F494554462F2F4454442048544D4C20322E302F2F454E223E0A3C68746D6C3E3C686561643E0A3C7469746C653E34303820526571756573742054696D656F75743C2F7469746C653E0A3C2F686561643E3C626F64793E0A3C68313E526571756573742054696D656F75743C2F68313E0A3C703E5365727665722074696D656F75742077616974696E6720666F7220746865204854545020726571756573742066726F6D2074686520636C69656E742E3C2F703E0A3C2F626F64793E3C2F68746D6C3E0A"
14:59:34.912 -> OK
14:59:34.912 -> HTTP/1.1 408 Request Timeout

14:59:34.912 -> Date: Sat, 28 Dec 2024 20:59:18 GMT

14:59:34.912 -> Server: Apache

14:59:34.912 -> Content-Length: 221

14:59:34.912 -> Connection: close

14:59:34.912 -> Content-Type: text/html; charset=iso-8859-1

14:59:34.912 -> 

14:59:35.053 -> AT+USOCL=0

14:59:35.524 -> OK
14:59:35.896 -> AT+CPWROFF

14:59:35.989 -> OK
14:59:35.989 -> report sent?
14:59:35.989 -> Local Hour: 15
14:59:35.989 -> Local Time: 0
14:59:36.130 -> external power:1
